<html>
<body>
<pre>
<h1>µVision Build Log</h1>
<h2>Project:</h2>
C:\Users\davis\Documents\School\Micro_Labs\Final\KeilProj.uvproj
Project File Date:  12/03/2021

<h2>Output:</h2>
Build target 'Target 1'
compiling Davis_Haney_Final.c...
compiling Joystick.c...
compiling Casino.c...
libs\Casino.c(25): error:  #20: identifier "EXINT" is undefined
libs\Casino.c(42): error:  #20: identifier "EXINT" is undefined
compiling Timer.c...
Target not created
Build target 'Target 1'
compiling Casino.c...
linking...
Program Size: Code=3624 RO-data=16 RW-data=0 ZI-data=1488  
FromELF: creating hex file...
"KeilProj.axf" - 0 Error(s), 0 Warning(s).
Build target 'Target 1'
compiling Davis_Haney_Final.c...
compiling Casino.c...
libs\Casino.c(18): error:  #137: expression must be a modifiable lvalue
Target not created
Build target 'Target 1'
compiling Davis_Haney_Final.c...
libs/Casino.h(7): error:  #65: expected a ";"
libs/Casino.h(12): warning:  #12-D: parsing restarts here after previous syntax error
Davis_Haney_Final.c(14): warning:  #223-D: function "RunSlots" declared implicitly
compiling Casino.c...
libs\Casino.h(7): error:  #65: expected a ";"
libs\Casino.h(12): warning:  #12-D: parsing restarts here after previous syntax error
Target not created
Build target 'Target 1'
compiling Davis_Haney_Final.c...
libs/Casino.h(7): error:  #65: expected a ";"
compiling Casino.c...
libs\Casino.h(7): error:  #65: expected a ";"
Target not created
Build target 'Target 1'
compiling Davis_Haney_Final.c...
compiling Casino.c...
linking...
Program Size: Code=3576 RO-data=16 RW-data=0 ZI-data=1488  
FromELF: creating hex file...
"KeilProj.axf" - 0 Error(s), 0 Warning(s).
Build target 'Target 1'
compiling Casino.c...
linking...
Program Size: Code=3620 RO-data=16 RW-data=0 ZI-data=1488  
FromELF: creating hex file...
"KeilProj.axf" - 0 Error(s), 0 Warning(s).
Build target 'Target 1'
compiling Davis_Haney_Final.c...
Davis_Haney_Final.c(18): error:  #140: too many arguments in function call
Davis_Haney_Final.c(20): error:  #20: identifier "topRow" is undefined
Davis_Haney_Final.c(20): error:  #20: identifier "botRow" is undefined
compiling Casino.c...
libs\Casino.c(10): error:  #18: expected a ")"
libs\Casino.c(10): error:  #147-D: declaration is incompatible with "void RunSlots(void)" (declared at line 10 of "libs\Casino.h")
libs\Casino.c(10): error:  #141-D: unnamed prototyped parameters not allowed when body is present
libs\Casino.c(14): error:  #20: identifier "running" is undefined
libs\Casino.c(16): error:  #20: identifier "botRow" is undefined
libs\Casino.c(26): error:  #20: identifier "topRow" is undefined
libs\Casino.c(26): error:  #20: identifier "botRow" is undefined
libs\Casino.c(42): error:  #20: identifier "topRow" is undefined
libs\Casino.c(42): error:  #20: identifier "botRow" is undefined
Target not created
Build target 'Target 1'
compiling Davis_Haney_Final.c...
libs/Casino.h(10): error:  #18: expected a ")"
Davis_Haney_Final.c(18): error:  #29: expected an expression
Davis_Haney_Final.c(18): error:  #29: expected an expression
Davis_Haney_Final.c(18): error:  #140: too many arguments in function call
Davis_Haney_Final.c(20): error:  #20: identifier "topRow" is undefined
Davis_Haney_Final.c(20): error:  #20: identifier "botRow" is undefined
compiling Casino.c...
libs\Casino.h(10): error:  #18: expected a ")"
libs\Casino.c(10): error:  #18: expected a ")"
libs\Casino.c(10): error:  #141-D: unnamed prototyped parameters not allowed when body is present
libs\Casino.c(14): error:  #20: identifier "running" is undefined
libs\Casino.c(16): error:  #20: identifier "botRow" is undefined
libs\Casino.c(26): error:  #20: identifier "topRow" is undefined
libs\Casino.c(26): error:  #20: identifier "botRow" is undefined
libs\Casino.c(42): error:  #20: identifier "topRow" is undefined
libs\Casino.c(42): error:  #20: identifier "botRow" is undefined
Target not created
Build target 'Target 1'
compiling Davis_Haney_Final.c...
libs/Casino.h(10): error:  #18: expected a ")"
Davis_Haney_Final.c(18): error:  #167: argument of type "char (*)[3]" is incompatible with parameter of type "char *"
Davis_Haney_Final.c(18): error:  #140: too many arguments in function call
Davis_Haney_Final.c(20): error:  #75: operand of "*" must be a pointer
Davis_Haney_Final.c(20): error:  #75: operand of "*" must be a pointer
Davis_Haney_Final.c(20): error:  #75: operand of "*" must be a pointer
Davis_Haney_Final.c(20): error:  #75: operand of "*" must be a pointer
Davis_Haney_Final.c(20): error:  #75: operand of "*" must be a pointer
Davis_Haney_Final.c(20): error:  #75: operand of "*" must be a pointer
Davis_Haney_Final.c(20): error:  #75: operand of "*" must be a pointer
Davis_Haney_Final.c(20): error:  #75: operand of "*" must be a pointer
Davis_Haney_Final.c(21): error:  #75: operand of "*" must be a pointer
Davis_Haney_Final.c(21): error:  #75: operand of "*" must be a pointer
compiling Casino.c...
libs\Casino.h(10): error:  #18: expected a ")"
libs\Casino.c(10): error:  #18: expected a ")"
libs\Casino.c(10): error:  #141-D: unnamed prototyped parameters not allowed when body is present
libs\Casino.c(14): error:  #20: identifier "running" is undefined
libs\Casino.c(16): error:  #20: identifier "botRow" is undefined
libs\Casino.c(26): error:  #20: identifier "topRow" is undefined
libs\Casino.c(26): error:  #20: identifier "botRow" is undefined
libs\Casino.c(42): error:  #20: identifier "topRow" is undefined
libs\Casino.c(42): error:  #20: identifier "botRow" is undefined
Target not created
Build target 'Target 1'
compiling Davis_Haney_Final.c...
libs/Casino.h(10): error:  #18: expected a ")"
Davis_Haney_Final.c(18): error:  #167: argument of type "char (*)[3]" is incompatible with parameter of type "char *"
Davis_Haney_Final.c(18): error:  #140: too many arguments in function call
Davis_Haney_Final.c(20): error:  #75: operand of "*" must be a pointer
Davis_Haney_Final.c(20): error:  #75: operand of "*" must be a pointer
Davis_Haney_Final.c(20): error:  #75: operand of "*" must be a pointer
Davis_Haney_Final.c(20): error:  #75: operand of "*" must be a pointer
Davis_Haney_Final.c(20): error:  #75: operand of "*" must be a pointer
Davis_Haney_Final.c(20): error:  #75: operand of "*" must be a pointer
Davis_Haney_Final.c(20): error:  #75: operand of "*" must be a pointer
Davis_Haney_Final.c(20): error:  #75: operand of "*" must be a pointer
Davis_Haney_Final.c(21): error:  #75: operand of "*" must be a pointer
Davis_Haney_Final.c(21): error:  #75: operand of "*" must be a pointer
compiling Casino.c...
libs\Casino.h(10): error:  #18: expected a ")"
libs\Casino.c(10): error:  #18: expected a ")"
libs\Casino.c(10): error:  #141-D: unnamed prototyped parameters not allowed when body is present
libs\Casino.c(14): error:  #20: identifier "running" is undefined
libs\Casino.c(16): error:  #20: identifier "botRow" is undefined
libs\Casino.c(26): error:  #20: identifier "topRow" is undefined
libs\Casino.c(26): error:  #20: identifier "botRow" is undefined
libs\Casino.c(42): error:  #20: identifier "topRow" is undefined
libs\Casino.c(42): error:  #20: identifier "botRow" is undefined
Target not created
Build target 'Target 1'
compiling Davis_Haney_Final.c...
Davis_Haney_Final.c(18): error:  #167: argument of type "char (*)[3]" is incompatible with parameter of type "char *"
Davis_Haney_Final.c(18): error:  #167: argument of type "char (*)[3]" is incompatible with parameter of type "char *"
Davis_Haney_Final.c(20): error:  #75: operand of "*" must be a pointer
Davis_Haney_Final.c(20): error:  #75: operand of "*" must be a pointer
Davis_Haney_Final.c(20): error:  #75: operand of "*" must be a pointer
Davis_Haney_Final.c(20): error:  #75: operand of "*" must be a pointer
Davis_Haney_Final.c(20): error:  #75: operand of "*" must be a pointer
Davis_Haney_Final.c(20): error:  #75: operand of "*" must be a pointer
Davis_Haney_Final.c(20): error:  #75: operand of "*" must be a pointer
Davis_Haney_Final.c(20): error:  #75: operand of "*" must be a pointer
Davis_Haney_Final.c(21): error:  #75: operand of "*" must be a pointer
Davis_Haney_Final.c(21): error:  #75: operand of "*" must be a pointer
compiling Casino.c...
libs\Casino.c(10): error:  #18: expected a ")"
libs\Casino.c(10): error:  #147-D: declaration is incompatible with "void RunSlots(char *, char *, int *)" (declared at line 10 of "libs\Casino.h")
libs\Casino.c(10): error:  #141-D: unnamed prototyped parameters not allowed when body is present
libs\Casino.c(14): error:  #20: identifier "running" is undefined
libs\Casino.c(16): error:  #20: identifier "botRow" is undefined
libs\Casino.c(26): error:  #20: identifier "topRow" is undefined
libs\Casino.c(26): error:  #20: identifier "botRow" is undefined
libs\Casino.c(42): error:  #20: identifier "topRow" is undefined
libs\Casino.c(42): error:  #20: identifier "botRow" is undefined
Target not created
Build target 'Target 1'
compiling Davis_Haney_Final.c...
Davis_Haney_Final.c(15): error:  #144: a value of type "char (*)[3]" cannot be used to initialize an entity of type "char *"
Davis_Haney_Final.c(16): error:  #144: a value of type "char (*)[3]" cannot be used to initialize an entity of type "char *"
Davis_Haney_Final.c(22): error:  #75: operand of "*" must be a pointer
Davis_Haney_Final.c(22): error:  #75: operand of "*" must be a pointer
Davis_Haney_Final.c(22): error:  #75: operand of "*" must be a pointer
Davis_Haney_Final.c(22): error:  #75: operand of "*" must be a pointer
Davis_Haney_Final.c(22): error:  #75: operand of "*" must be a pointer
Davis_Haney_Final.c(22): error:  #75: operand of "*" must be a pointer
Davis_Haney_Final.c(22): error:  #75: operand of "*" must be a pointer
Davis_Haney_Final.c(22): error:  #75: operand of "*" must be a pointer
Davis_Haney_Final.c(23): error:  #75: operand of "*" must be a pointer
Davis_Haney_Final.c(23): error:  #75: operand of "*" must be a pointer
compiling Casino.c...
libs\Casino.c(10): error:  #18: expected a ")"
libs\Casino.c(10): error:  #147-D: declaration is incompatible with "void RunSlots(char *, char *, int *)" (declared at line 10 of "libs\Casino.h")
libs\Casino.c(10): error:  #141-D: unnamed prototyped parameters not allowed when body is present
libs\Casino.c(14): error:  #20: identifier "running" is undefined
libs\Casino.c(16): error:  #20: identifier "botRow" is undefined
libs\Casino.c(26): error:  #20: identifier "topRow" is undefined
libs\Casino.c(26): error:  #20: identifier "botRow" is undefined
libs\Casino.c(42): error:  #20: identifier "topRow" is undefined
libs\Casino.c(42): error:  #20: identifier "botRow" is undefined
Target not created
Build target 'Target 1'
compiling Davis_Haney_Final.c...
Davis_Haney_Final.c(18): error:  #167: argument of type "char (*)[3]" is incompatible with parameter of type "char *"
Davis_Haney_Final.c(18): error:  #167: argument of type "char (*)[4]" is incompatible with parameter of type "char *"
Davis_Haney_Final.c(20): error:  #75: operand of "*" must be a pointer
Davis_Haney_Final.c(20): error:  #75: operand of "*" must be a pointer
Davis_Haney_Final.c(20): error:  #75: operand of "*" must be a pointer
Davis_Haney_Final.c(20): error:  #75: operand of "*" must be a pointer
Davis_Haney_Final.c(20): error:  #75: operand of "*" must be a pointer
Davis_Haney_Final.c(20): error:  #75: operand of "*" must be a pointer
Davis_Haney_Final.c(20): error:  #75: operand of "*" must be a pointer
Davis_Haney_Final.c(20): error:  #75: operand of "*" must be a pointer
Davis_Haney_Final.c(21): error:  #75: operand of "*" must be a pointer
Davis_Haney_Final.c(21): error:  #75: operand of "*" must be a pointer
compiling Casino.c...
libs\Casino.c(10): error:  #18: expected a ")"
libs\Casino.c(10): error:  #147-D: declaration is incompatible with "void RunSlots(char *, char *, int *)" (declared at line 10 of "libs\Casino.h")
libs\Casino.c(10): error:  #141-D: unnamed prototyped parameters not allowed when body is present
libs\Casino.c(14): error:  #20: identifier "running" is undefined
libs\Casino.c(16): error:  #20: identifier "botRow" is undefined
libs\Casino.c(26): error:  #20: identifier "topRow" is undefined
libs\Casino.c(26): error:  #20: identifier "botRow" is undefined
libs\Casino.c(42): error:  #20: identifier "topRow" is undefined
libs\Casino.c(42): error:  #20: identifier "botRow" is undefined
Target not created
Build target 'Target 1'
compiling Davis_Haney_Final.c...
compiling Casino.c...
libs\Casino.c(14): error:  #513: a value of type "int" cannot be assigned to an entity of type "int *"
libs\Casino.c(15): error:  #20: identifier "botRow1" is undefined
libs\Casino.c(16): error:  #20: identifier "botRow2" is undefined
libs\Casino.c(17): error:  #20: identifier "botRow3" is undefined
libs\Casino.c(18): error:  #20: identifier "topRow1" is undefined
libs\Casino.c(19): error:  #20: identifier "topRow2" is undefined
libs\Casino.c(20): error:  #20: identifier "topRow3" is undefined
libs\Casino.c(22): error:  #75: operand of "*" must be a pointer
libs\Casino.c(32): error:  #75: operand of "*" must be a pointer
libs\Casino.c(32): error:  #75: operand of "*" must be a pointer
libs\Casino.c(34): error:  #75: operand of "*" must be a pointer
libs\Casino.c(38): error:  #75: operand of "*" must be a pointer
libs\Casino.c(39): error:  #75: operand of "*" must be a pointer
libs\Casino.c(48): error:  #75: operand of "*" must be a pointer
libs\Casino.c(48): error:  #75: operand of "*" must be a pointer
libs\Casino.c(48): error:  #75: operand of "*" must be a pointer
libs\Casino.c(48): error:  #75: operand of "*" must be a pointer
libs\Casino.c(48): error:  #75: operand of "*" must be a pointer
libs\Casino.c(48): error:  #75: operand of "*" must be a pointer
libs\Casino.c(48): error:  #75: operand of "*" must be a pointer
libs\Casino.c(48): error:  #75: operand of "*" must be a pointer
libs\Casino.c(49): error:  #75: operand of "*" must be a pointer
libs\Casino.c(49): error:  #75: operand of "*" must be a pointer
libs\Casino.c(10): warning:  #550-D: parameter "running" was set but never used
Target not created
Build target 'Target 1'
compiling Casino.c...
libs\Casino.c(15): error:  #268: declaration may not appear after executable statement in block
libs\Casino.c(16): error:  #268: declaration may not appear after executable statement in block
libs\Casino.c(17): error:  #268: declaration may not appear after executable statement in block
libs\Casino.c(18): error:  #268: declaration may not appear after executable statement in block
libs\Casino.c(19): error:  #268: declaration may not appear after executable statement in block
libs\Casino.c(20): error:  #268: declaration may not appear after executable statement in block
libs\Casino.c(33): error:  #75: operand of "*" must be a pointer
libs\Casino.c(33): error:  #75: operand of "*" must be a pointer
libs\Casino.c(35): error:  #75: operand of "*" must be a pointer
libs\Casino.c(39): error:  #75: operand of "*" must be a pointer
libs\Casino.c(40): error:  #75: operand of "*" must be a pointer
libs\Casino.c(49): error:  #75: operand of "*" must be a pointer
libs\Casino.c(49): error:  #75: operand of "*" must be a pointer
libs\Casino.c(49): error:  #75: operand of "*" must be a pointer
libs\Casino.c(49): error:  #75: operand of "*" must be a pointer
libs\Casino.c(49): error:  #75: operand of "*" must be a pointer
libs\Casino.c(49): error:  #75: operand of "*" must be a pointer
libs\Casino.c(49): error:  #75: operand of "*" must be a pointer
libs\Casino.c(49): error:  #75: operand of "*" must be a pointer
libs\Casino.c(50): error:  #75: operand of "*" must be a pointer
libs\Casino.c(50): error:  #75: operand of "*" must be a pointer
libs\Casino.c(15): warning:  #550-D: variable "botRow1" was set but never used
libs\Casino.c(18): warning:  #177-D: variable "topRow1" was declared but never referenced
Target not created
Build target 'Target 1'
compiling Casino.c...
libs\Casino.c(33): error:  #75: operand of "*" must be a pointer
libs\Casino.c(33): error:  #75: operand of "*" must be a pointer
libs\Casino.c(35): error:  #75: operand of "*" must be a pointer
libs\Casino.c(39): error:  #75: operand of "*" must be a pointer
libs\Casino.c(40): error:  #75: operand of "*" must be a pointer
libs\Casino.c(49): error:  #75: operand of "*" must be a pointer
libs\Casino.c(49): error:  #75: operand of "*" must be a pointer
libs\Casino.c(49): error:  #75: operand of "*" must be a pointer
libs\Casino.c(49): error:  #75: operand of "*" must be a pointer
libs\Casino.c(49): error:  #75: operand of "*" must be a pointer
libs\Casino.c(49): error:  #75: operand of "*" must be a pointer
libs\Casino.c(49): error:  #75: operand of "*" must be a pointer
libs\Casino.c(49): error:  #75: operand of "*" must be a pointer
libs\Casino.c(50): error:  #75: operand of "*" must be a pointer
libs\Casino.c(50): error:  #75: operand of "*" must be a pointer
libs\Casino.c(13): warning:  #550-D: variable "botRow1" was set but never used
libs\Casino.c(16): warning:  #177-D: variable "topRow1" was declared but never referenced
Target not created
Build target 'Target 1'
compiling Davis_Haney_Final.c...
Davis_Haney_Final.c(16): error:  #165: too few arguments in function call
compiling Casino.c...
libs\Casino.c(18): warning:  #223-D: function "Slots_CheckWinner" declared implicitly
libs\Casino.c(49): error:  #159: declaration is incompatible with previous "Slots_CheckWinner" (declared at line 18)
Target not created
Build target 'Target 1'
compiling Davis_Haney_Final.c...
Davis_Haney_Final.c(16): error:  #165: too few arguments in function call
compiling Casino.c...
Target not created
Build target 'Target 1'
compiling Davis_Haney_Final.c...
linking...
Program Size: Code=3924 RO-data=32 RW-data=24 ZI-data=1488  
FromELF: creating hex file...
"KeilProj.axf" - 0 Error(s), 0 Warning(s).
Build target 'Target 1'
compiling Davis_Haney_Final.c...
linking...
Program Size: Code=3908 RO-data=32 RW-data=24 ZI-data=1488  
FromELF: creating hex file...
"KeilProj.axf" - 0 Error(s), 0 Warning(s).
Build target 'Target 1'
compiling Casino.c...
linking...
Program Size: Code=3916 RO-data=32 RW-data=24 ZI-data=1488  
FromELF: creating hex file...
"KeilProj.axf" - 0 Error(s), 0 Warning(s).
Build target 'Target 1'
compiling Davis_Haney_Final.c...
compiling Casino.c...
linking...
Program Size: Code=3928 RO-data=32 RW-data=24 ZI-data=1488  
FromELF: creating hex file...
"KeilProj.axf" - 0 Error(s), 0 Warning(s).
Build target 'Target 1'
compiling Davis_Haney_Final.c...
compiling Casino.c...
libs\Casino.c(32): error:  #165: too few arguments in function call
Target not created
Build target 'Target 1'
compiling Casino.c...
linking...
Program Size: Code=3916 RO-data=32 RW-data=24 ZI-data=1488  
FromELF: creating hex file...
"KeilProj.axf" - 0 Error(s), 0 Warning(s).
Build target 'Target 1'
compiling Davis_Haney_Final.c...
Davis_Haney_Final.c(22): error:  #165: too few arguments in function call
compiling Casino.c...
libs\Casino.c(29): error:  #147-D: declaration is incompatible with "void RunSlots(char *, char *, int *)" (declared at line 12 of "libs\Casino.h")
Target not created
Build target 'Target 1'
compiling Davis_Haney_Final.c...
compiling Casino.c...
linking...
Program Size: Code=3912 RO-data=32 RW-data=24 ZI-data=1488  
FromELF: creating hex file...
"KeilProj.axf" - 0 Error(s), 0 Warning(s).
Build target 'Target 1'
compiling Davis_Haney_Final.c...
compiling Casino.c...
linking...
Program Size: Code=3924 RO-data=32 RW-data=24 ZI-data=1488  
FromELF: creating hex file...
"KeilProj.axf" - 0 Error(s), 0 Warning(s).
Build target 'Target 1'
compiling Davis_Haney_Final.c...
compiling Casino.c...
linking...
Program Size: Code=3924 RO-data=32 RW-data=24 ZI-data=1488  
FromELF: creating hex file...
"KeilProj.axf" - 0 Error(s), 0 Warning(s).
Build target 'Target 1'
compiling Davis_Haney_Final.c...
linking...
Program Size: Code=3972 RO-data=32 RW-data=24 ZI-data=1488  
FromELF: creating hex file...
"KeilProj.axf" - 0 Error(s), 0 Warning(s).
Build target 'Target 1'
compiling Davis_Haney_Final.c...
compiling Casino.c...
linking...
Program Size: Code=3892 RO-data=32 RW-data=20 ZI-data=1484  
FromELF: creating hex file...
"KeilProj.axf" - 0 Error(s), 0 Warning(s).
Build target 'Target 1'
compiling Davis_Haney_Final.c...
linking...
Program Size: Code=3892 RO-data=32 RW-data=20 ZI-data=1484  
FromELF: creating hex file...
"KeilProj.axf" - 0 Error(s), 0 Warning(s).
Build target 'Target 1'
compiling Davis_Haney_Final.c...
linking...
Program Size: Code=3892 RO-data=32 RW-data=20 ZI-data=1484  
FromELF: creating hex file...
"KeilProj.axf" - 0 Error(s), 0 Warning(s).
Build target 'Target 1'
compiling Davis_Haney_Final.c...
compiling Casino.c...
linking...
Program Size: Code=3956 RO-data=32 RW-data=24 ZI-data=1488  
FromELF: creating hex file...
"KeilProj.axf" - 0 Error(s), 0 Warning(s).
Build target 'Target 1'
compiling Davis_Haney_Final.c...
linking...
Program Size: Code=3956 RO-data=32 RW-data=24 ZI-data=1488  
FromELF: creating hex file...
"KeilProj.axf" - 0 Error(s), 0 Warning(s).
Build target 'Target 1'
compiling Davis_Haney_Final.c...
compiling Casino.c...
linking...
Program Size: Code=3576 RO-data=16 RW-data=0 ZI-data=1488  
FromELF: creating hex file...
"KeilProj.axf" - 0 Error(s), 0 Warning(s).
Build target 'Target 1'
compiling Davis_Haney_Final.c...
compiling Casino.c...
libs\Casino.c(64): error:  #20: identifier "running" is undefined
Target not created
Build target 'Target 1'
compiling Davis_Haney_Final.c...
compiling Casino.c...
linking...
Program Size: Code=3968 RO-data=32 RW-data=24 ZI-data=1488  
FromELF: creating hex file...
"KeilProj.axf" - 0 Error(s), 0 Warning(s).
Build target 'Target 1'
compiling Casino.c...
linking...
Program Size: Code=3980 RO-data=32 RW-data=24 ZI-data=1488  
FromELF: creating hex file...
"KeilProj.axf" - 0 Error(s), 0 Warning(s).
Build target 'Target 1'
compiling Davis_Haney_Final.c...
linking...
Program Size: Code=4028 RO-data=32 RW-data=28 ZI-data=1484  
FromELF: creating hex file...
"KeilProj.axf" - 0 Error(s), 0 Warning(s).
Build target 'Target 1'
compiling Davis_Haney_Final.c...
linking...
Program Size: Code=4044 RO-data=32 RW-data=28 ZI-data=1484  
FromELF: creating hex file...
"KeilProj.axf" - 0 Error(s), 0 Warning(s).
Build target 'Target 1'
compiling Davis_Haney_Final.c...
Davis_Haney_Final.c(18): warning:  #187-D: use of "=" where "==" may have been intended
Davis_Haney_Final.c(19): warning:  #187-D: use of "=" where "==" may have been intended
linking...
Program Size: Code=4060 RO-data=32 RW-data=24 ZI-data=1488  
FromELF: creating hex file...
"KeilProj.axf" - 0 Error(s), 2 Warning(s).
Build target 'Target 1'
compiling Davis_Haney_Final.c...
linking...
Program Size: Code=4060 RO-data=32 RW-data=24 ZI-data=1488  
FromELF: creating hex file...
"KeilProj.axf" - 0 Error(s), 0 Warning(s).
Build target 'Target 1'
compiling Davis_Haney_Final.c...
linking...
Program Size: Code=4048 RO-data=32 RW-data=24 ZI-data=1488  
FromELF: creating hex file...
"KeilProj.axf" - 0 Error(s), 0 Warning(s).
Build target 'Target 1'
linking...
Program Size: Code=4048 RO-data=32 RW-data=24 ZI-data=1488  
FromELF: creating hex file...
"KeilProj.axf" - 0 Error(s), 0 Warning(s).
Build target 'Target 1'
compiling Davis_Haney_Final.c...
compiling Casino.c...
linking...
Program Size: Code=3664 RO-data=16 RW-data=0 ZI-data=1488  
FromELF: creating hex file...
"KeilProj.axf" - 0 Error(s), 0 Warning(s).
