<html>
<body>
<pre>
<h1>µVision Build Log</h1>
<h2>Project:</h2>
C:\Users\davis\Documents\School\Micro_Labs\Final\KeilProj.uvproj
Project File Date:  12/03/2021

<h2>Output:</h2>
Build target 'Target 1'
compiling Davis_Haney_Final.c...
compiling Casino.c...
compiling Joystick.c...
compiling Timer.c...
linking...
Program Size: Code=3656 RO-data=16 RW-data=0 ZI-data=1488  
FromELF: creating hex file...
"KeilProj.axf" - 0 Error(s), 0 Warning(s).
Build target 'Target 1'
compiling Davis_Haney_Final.c...
compiling Casino.c...
libs\Casino.c(68): error:  #167: argument of type "int" is incompatible with parameter of type "const char *restrict"
libs\Casino.c(68): error:  #167: argument of type "int" is incompatible with parameter of type "char *"
Target not created
Build target 'Target 1'
compiling Casino.c...
libs\Casino.c(69): error:  #65: expected a ";"
Target not created
Build target 'Target 1'
compiling Casino.c...
linking...
Program Size: Code=4412 RO-data=32 RW-data=4 ZI-data=1484  
FromELF: creating hex file...
"KeilProj.axf" - 0 Error(s), 0 Warning(s).
Build target 'Target 1'
compiling Davis_Haney_Final.c...
Davis_Haney_Final.c(20): error:  #65: expected a ";"
Davis_Haney_Final.c(28): error:  #165: too few arguments in function call
compiling Casino.c...
libs\Casino.c(139): error:  #268: declaration may not appear after executable statement in block
libs\Casino.c(139): error:  #101: "chPoints" has already been declared in the current scope
Target not created
Build target 'Target 1'
compiling Davis_Haney_Final.c...
compiling Casino.c...
linking...
Program Size: Code=4656 RO-data=32 RW-data=4 ZI-data=1484  
FromELF: creating hex file...
"KeilProj.axf" - 0 Error(s), 0 Warning(s).
Build target 'Target 1'
compiling Davis_Haney_Final.c...
compiling Joystick.c...
Joystick.c: Error:  #5: cannot open source input file "libs\Joystick.c": No such file or directory
Target not created
Build target 'Target 1'
compiling Interrupts.c...
libs\Interrupts.c(25): warning:  #1-D: last line of file ends without a newline
linking...
Program Size: Code=4812 RO-data=32 RW-data=4 ZI-data=1484  
FromELF: creating hex file...
"KeilProj.axf" - 0 Error(s), 1 Warning(s).
Build target 'Target 1'
compiling Interrupts.c...
linking...
Program Size: Code=4812 RO-data=32 RW-data=4 ZI-data=1484  
FromELF: creating hex file...
"KeilProj.axf" - 0 Error(s), 0 Warning(s).
Build target 'Target 1'
compiling Davis_Haney_Final.c...
compiling Casino.c...
linking...
Program Size: Code=4812 RO-data=32 RW-data=4 ZI-data=1484  
FromELF: creating hex file...
"KeilProj.axf" - 0 Error(s), 0 Warning(s).
Build target 'Target 1'
compiling Davis_Haney_Final.c...
linking...
Program Size: Code=4844 RO-data=32 RW-data=4 ZI-data=1484  
FromELF: creating hex file...
"KeilProj.axf" - 0 Error(s), 0 Warning(s).
Build target 'Target 1'
compiling Interrupts.c...
linking...
Program Size: Code=4844 RO-data=32 RW-data=4 ZI-data=1484  
FromELF: creating hex file...
"KeilProj.axf" - 0 Error(s), 0 Warning(s).
Build target 'Target 1'
compiling Davis_Haney_Final.c...
linking...
Program Size: Code=4848 RO-data=32 RW-data=4 ZI-data=1484  
FromELF: creating hex file...
"KeilProj.axf" - 0 Error(s), 0 Warning(s).
Build target 'Target 1'
compiling Davis_Haney_Final.c...
Davis_Haney_Final.c(52): warning:  #174-D: expression has no effect
Davis_Haney_Final.c(53): error:  #65: expected a ";"
compiling Interrupts.c...
Target not created
Build target 'Target 1'
compiling Davis_Haney_Final.c...
linking...
Program Size: Code=5060 RO-data=32 RW-data=8 ZI-data=1488  
FromELF: creating hex file...
"KeilProj.axf" - 0 Error(s), 0 Warning(s).
Build target 'Target 1'
compiling Davis_Haney_Final.c...
linking...
Program Size: Code=5060 RO-data=32 RW-data=8 ZI-data=1488  
FromELF: creating hex file...
"KeilProj.axf" - 0 Error(s), 0 Warning(s).
Build target 'Target 1'
compiling Interrupts.c...
linking...
Program Size: Code=5076 RO-data=32 RW-data=8 ZI-data=1488  
FromELF: creating hex file...
"KeilProj.axf" - 0 Error(s), 0 Warning(s).
Build target 'Target 1'
compiling Davis_Haney_Final.c...
linking...
Program Size: Code=5104 RO-data=32 RW-data=8 ZI-data=1488  
FromELF: creating hex file...
"KeilProj.axf" - 0 Error(s), 0 Warning(s).
Build target 'Target 1'
compiling Davis_Haney_Final.c...
compiling Casino.c...
libs\StepMotor.h(31): warning:  #1-D: last line of file ends without a newline
compiling Interrupts.c...
compiling StepMotor.c...
libs\StepMotor.h(31): warning:  #1-D: last line of file ends without a newline
linking...
Program Size: Code=5336 RO-data=32 RW-data=12 ZI-data=1484  
FromELF: creating hex file...
"KeilProj.axf" - 0 Error(s), 2 Warning(s).
Build target 'Target 1'
compiling Casino.c...
compiling StepMotor.c...
linking...
Program Size: Code=5336 RO-data=32 RW-data=12 ZI-data=1484  
FromELF: creating hex file...
"KeilProj.axf" - 0 Error(s), 0 Warning(s).
Build target 'Target 1'
compiling Davis_Haney_Final.c...
compiling StepMotor.c...
linking...
Program Size: Code=5364 RO-data=32 RW-data=12 ZI-data=1484  
FromELF: creating hex file...
"KeilProj.axf" - 0 Error(s), 0 Warning(s).
Build target 'Target 1'
compiling Casino.c...
linking...
Program Size: Code=5376 RO-data=32 RW-data=12 ZI-data=1484  
FromELF: creating hex file...
"KeilProj.axf" - 0 Error(s), 0 Warning(s).
Build target 'Target 1'
compiling Casino.c...
linking...
Program Size: Code=5376 RO-data=32 RW-data=12 ZI-data=1484  
FromELF: creating hex file...
"KeilProj.axf" - 0 Error(s), 0 Warning(s).
Build target 'Target 1'
compiling Davis_Haney_Final.c...
compiling Casino.c...
compiling StepMotor.c...
linking...
Program Size: Code=5376 RO-data=32 RW-data=12 ZI-data=1484  
FromELF: creating hex file...
"KeilProj.axf" - 0 Error(s), 0 Warning(s).
Build target 'Target 1'
compiling Davis_Haney_Final.c...
compiling Casino.c...
libs\Casino.c(162): error:  #125: expected a "("
libs\Casino.c(180): warning:  #12-D: parsing restarts here after previous syntax error
libs\Casino.c(180): error:  #29: expected an expression
libs\Casino.c(180): error:  #18: expected a ")"
libs\Casino.c(180): error:  #127: expected a statement
libs\Casino.c(180): warning:  #940-D: missing return statement at end of non-void function "RunWheel"
compiling StepMotor.c...
Target not created
Build target 'Target 1'
compiling Casino.c...
linking...
Program Size: Code=5612 RO-data=32 RW-data=12 ZI-data=1484  
FromELF: creating hex file...
"KeilProj.axf" - 0 Error(s), 0 Warning(s).
Build target 'Target 1'
compiling Davis_Haney_Final.c...
compiling Casino.c...
compiling StepMotor.c...
linking...
Program Size: Code=5616 RO-data=32 RW-data=12 ZI-data=1484  
FromELF: creating hex file...
"KeilProj.axf" - 0 Error(s), 0 Warning(s).
Build target 'Target 1'
compiling Casino.c...
linking...
Program Size: Code=5596 RO-data=32 RW-data=12 ZI-data=1484  
FromELF: creating hex file...
"KeilProj.axf" - 0 Error(s), 0 Warning(s).
Build target 'Target 1'
linking...
Program Size: Code=5596 RO-data=32 RW-data=12 ZI-data=1484  
FromELF: creating hex file...
"KeilProj.axf" - 0 Error(s), 0 Warning(s).
Build target 'Target 1'
compiling Davis_Haney_Final.c...
compiling Casino.c...
compiling StepMotor.c...
linking...
Program Size: Code=5596 RO-data=32 RW-data=12 ZI-data=1484  
FromELF: creating hex file...
"KeilProj.axf" - 0 Error(s), 0 Warning(s).
Build target 'Target 1'
compiling Casino.c...
libs\Casino.c(164): error:  #53: expected a ":"
Target not created
Build target 'Target 1'
compiling Casino.c...
linking...
Program Size: Code=5572 RO-data=32 RW-data=12 ZI-data=1484  
FromELF: creating hex file...
"KeilProj.axf" - 0 Error(s), 0 Warning(s).
Build target 'Target 1'
compiling Casino.c...
linking...
Program Size: Code=5560 RO-data=32 RW-data=12 ZI-data=1484  
FromELF: creating hex file...
"KeilProj.axf" - 0 Error(s), 0 Warning(s).
Build target 'Target 1'
compiling Casino.c...
linking...
Program Size: Code=5580 RO-data=32 RW-data=12 ZI-data=1484  
FromELF: creating hex file...
"KeilProj.axf" - 0 Error(s), 0 Warning(s).
Build target 'Target 1'
compiling Davis_Haney_Final.c...
compiling Casino.c...
compiling StepMotor.c...
linking...
Program Size: Code=5560 RO-data=32 RW-data=12 ZI-data=1484  
FromELF: creating hex file...
"KeilProj.axf" - 0 Error(s), 0 Warning(s).
Build target 'Target 1'
compiling Davis_Haney_Final.c...
compiling Casino.c...
compiling StepMotor.c...
linking...
Program Size: Code=5560 RO-data=32 RW-data=12 ZI-data=1484  
FromELF: creating hex file...
"KeilProj.axf" - 0 Error(s), 0 Warning(s).
Build target 'Target 1'
compiling Casino.c...
linking...
Program Size: Code=5580 RO-data=32 RW-data=12 ZI-data=1484  
FromELF: creating hex file...
"KeilProj.axf" - 0 Error(s), 0 Warning(s).
Build target 'Target 1'
compiling Casino.c...
linking...
Program Size: Code=5612 RO-data=32 RW-data=12 ZI-data=1484  
FromELF: creating hex file...
"KeilProj.axf" - 0 Error(s), 0 Warning(s).
Build target 'Target 1'
compiling Davis_Haney_Final.c...
compiling Casino.c...
compiling StepMotor.c...
linking...
Program Size: Code=5612 RO-data=32 RW-data=12 ZI-data=1484  
FromELF: creating hex file...
"KeilProj.axf" - 0 Error(s), 0 Warning(s).
Build target 'Target 1'
compiling Davis_Haney_Final.c...
compiling Casino.c...
libs\Casino.c(46): error:  #167: argument of type "int *" is incompatible with parameter of type "int"
Target not created
Build target 'Target 1'
compiling Casino.c...
linking...
Program Size: Code=5672 RO-data=32 RW-data=12 ZI-data=1484  
FromELF: creating hex file...
"KeilProj.axf" - 0 Error(s), 0 Warning(s).
Build target 'Target 1'
compiling Casino.c...
linking...
Program Size: Code=5672 RO-data=32 RW-data=12 ZI-data=1484  
FromELF: creating hex file...
"KeilProj.axf" - 0 Error(s), 0 Warning(s).
Build target 'Target 1'
compiling Davis_Haney_Final.c...
linking...
Program Size: Code=5680 RO-data=32 RW-data=12 ZI-data=1484  
FromELF: creating hex file...
"KeilProj.axf" - 0 Error(s), 0 Warning(s).
Build target 'Target 1'
compiling Davis_Haney_Final.c...
compiling Casino.c...
linking...
Program Size: Code=5596 RO-data=32 RW-data=12 ZI-data=1484  
FromELF: creating hex file...
"KeilProj.axf" - 0 Error(s), 0 Warning(s).
Build target 'Target 1'
compiling Davis_Haney_Final.c...
linking...
Program Size: Code=5604 RO-data=32 RW-data=12 ZI-data=1484  
FromELF: creating hex file...
"KeilProj.axf" - 0 Error(s), 0 Warning(s).
Build target 'Target 1'
compiling Casino.c...
linking...
Program Size: Code=5604 RO-data=32 RW-data=12 ZI-data=1484  
FromELF: creating hex file...
"KeilProj.axf" - 0 Error(s), 0 Warning(s).
Build target 'Target 1'
compiling Davis_Haney_Final.c...
compiling Casino.c...
libs\Casino.c(47): warning:  #223-D: function "checkPoints" declared implicitly
libs\Casino.c(181): error:  #167: argument of type "int" is incompatible with parameter of type "int *"
Target not created
Build target 'Target 1'
compiling Casino.c...
linking...
Program Size: Code=5660 RO-data=32 RW-data=12 ZI-data=1484  
FromELF: creating hex file...
"KeilProj.axf" - 0 Error(s), 0 Warning(s).
Build target 'Target 1'
compiling Casino.c...
linking...
Program Size: Code=5660 RO-data=32 RW-data=12 ZI-data=1484  
FromELF: creating hex file...
"KeilProj.axf" - 0 Error(s), 0 Warning(s).
