<html>
<body>
<pre>
<h1>µVision Build Log</h1>
<h2>Project:</h2>
C:\Users\davis\Documents\School\Micro_Labs\Lab4\GD_SH_Lab4.uvproj
Project File Date:  11/09/2021

<h2>Output:</h2>
Build target 'Target 1'
assembling Startup.s...
compiling Davis_Haney_Lab4.c...
Davis_Haney_Lab4.c(26): error:  #18: expected a ")"
Davis_Haney_Lab4.c(35): warning:  #223-D: function "delayU" declared implicitly
Davis_Haney_Lab4.c(38): error:  #159: declaration is incompatible with previous "delayU" (declared at line 35)
Davis_Haney_Lab4.c(60): error:  #140: too many arguments in function call
Target not created
Build target 'Target 1'
compiling Davis_Haney_Lab4.c...
Davis_Haney_Lab4.c(38): error:  #18: expected a ")"
Davis_Haney_Lab4.c(60): error:  #140: too many arguments in function call
Target not created
Build target 'Target 1'
compiling Davis_Haney_Lab4.c...
Davis_Haney_Lab4.c(38): error:  #65: expected a ";"
Target not created
Build target 'Target 1'
compiling Davis_Haney_Lab4.c...
linking...
Program Size: Code=1112 RO-data=16 RW-data=0 ZI-data=1256  
FromELF: creating hex file...
"GD_SH_Lab4.axf" - 0 Error(s), 0 Warning(s).
