<html>
<body>
<pre>
<h1>µVision Build Log</h1>
<h2>Project:</h2>
C:\Users\davis\Documents\School\Micro_Labs\Lab4\GD_SH_Lab4.uvproj
Project File Date:  11/09/2021

<h2>Output:</h2>
Build target 'Target 1'
compiling Davis_Haney_Lab4.c...
linking...
Program Size: Code=1140 RO-data=16 RW-data=0 ZI-data=1256  
FromELF: creating hex file...
"GD_SH_Lab4.axf" - 0 Error(s), 0 Warning(s).
Build target 'Target 1'
compiling Davis_Haney_Lab4.c...
linking...
Program Size: Code=1140 RO-data=16 RW-data=0 ZI-data=1256  
FromELF: creating hex file...
"GD_SH_Lab4.axf" - 0 Error(s), 0 Warning(s).
Build target 'Target 1'
compiling Davis_Haney_Lab4.c...
linking...
Program Size: Code=1140 RO-data=16 RW-data=0 ZI-data=1256  
FromELF: creating hex file...
"GD_SH_Lab4.axf" - 0 Error(s), 0 Warning(s).
Build target 'Target 1'
compiling Davis_Haney_Lab4.c...
linking...
Program Size: Code=1140 RO-data=16 RW-data=0 ZI-data=1256  
FromELF: creating hex file...
"GD_SH_Lab4.axf" - 0 Error(s), 0 Warning(s).
Build target 'Target 1'
compiling Davis_Haney_Lab4.c...
linking...
Program Size: Code=1140 RO-data=16 RW-data=0 ZI-data=1256  
FromELF: creating hex file...
"GD_SH_Lab4.axf" - 0 Error(s), 0 Warning(s).
Build target 'Target 1'
compiling Davis_Haney_Lab4.c...
linking...
Program Size: Code=1140 RO-data=16 RW-data=0 ZI-data=1256  
FromELF: creating hex file...
"GD_SH_Lab4.axf" - 0 Error(s), 0 Warning(s).
Build target 'Target 1'
compiling Davis_Haney_Lab4.c...
linking...
Program Size: Code=1052 RO-data=16 RW-data=0 ZI-data=1256  
FromELF: creating hex file...
"GD_SH_Lab4.axf" - 0 Error(s), 0 Warning(s).
Build target 'Target 1'
compiling Davis_Haney_Lab4.c...
linking...
Program Size: Code=1128 RO-data=16 RW-data=0 ZI-data=1256  
FromELF: creating hex file...
"GD_SH_Lab4.axf" - 0 Error(s), 0 Warning(s).
Build target 'Target 1'
compiling Davis_Haney_Lab4.c...
linking...
Program Size: Code=1124 RO-data=16 RW-data=0 ZI-data=1256  
FromELF: creating hex file...
"GD_SH_Lab4.axf" - 0 Error(s), 0 Warning(s).
Build target 'Target 1'
compiling Davis_Haney_Lab4.c...
linking...
Program Size: Code=1132 RO-data=16 RW-data=0 ZI-data=1256  
FromELF: creating hex file...
"GD_SH_Lab4.axf" - 0 Error(s), 0 Warning(s).
Build target 'Target 1'
compiling Davis_Haney_Lab4.c...
linking...
Program Size: Code=1124 RO-data=16 RW-data=0 ZI-data=1256  
FromELF: creating hex file...
"GD_SH_Lab4.axf" - 0 Error(s), 0 Warning(s).
Build target 'Target 1'
compiling Davis_Haney_Lab4.c...
linking...
Program Size: Code=1128 RO-data=16 RW-data=0 ZI-data=1256  
FromELF: creating hex file...
"GD_SH_Lab4.axf" - 0 Error(s), 0 Warning(s).
Build target 'Target 1'
compiling Davis_Haney_Lab4.c...
linking...
Program Size: Code=1084 RO-data=16 RW-data=0 ZI-data=1256  
FromELF: creating hex file...
"GD_SH_Lab4.axf" - 0 Error(s), 0 Warning(s).
Build target 'Target 1'
compiling Davis_Haney_Lab4.c...
linking...
Program Size: Code=1116 RO-data=16 RW-data=0 ZI-data=1256  
FromELF: creating hex file...
"GD_SH_Lab4.axf" - 0 Error(s), 0 Warning(s).
Build target 'Target 1'
compiling Davis_Haney_Lab4.c...
linking...
Program Size: Code=1128 RO-data=16 RW-data=0 ZI-data=1256  
FromELF: creating hex file...
"GD_SH_Lab4.axf" - 0 Error(s), 0 Warning(s).
