<html>
<body>
<pre>
<h1>µVision Build Log</h1>
<h2>Project:</h2>
C:\Users\davis\Documents\School\Micro_Labs\Lab5\GD_SH_Lab5.uvproj
Project File Date:  11/16/2021

<h2>Output:</h2>
Build target 'Target 1'
assembling Startup.s...
compiling Davis_Haney_Lab5.c...
Davis_Haney_Lab5.c(36): error:  #29: expected an expression
Davis_Haney_Lab5.c(36): error:  #20: identifier "i" is undefined
Davis_Haney_Lab5.c(37): error:  #29: expected an expression
Davis_Haney_Lab5.c(44): warning:  #223-D: function "wait" declared implicitly
Davis_Haney_Lab5.c(55): warning:  #223-D: function "wait" declared implicitly
Davis_Haney_Lab5.c(65): error:  #159: declaration is incompatible with previous "wait" (declared at line 44)
Target not created
Build target 'Target 1'
compiling Davis_Haney_Lab5.c...
Davis_Haney_Lab5.c(37): error:  #29: expected an expression
Davis_Haney_Lab5.c(37): error:  #20: identifier "i" is undefined
Davis_Haney_Lab5.c(38): error:  #29: expected an expression
Target not created
Build target 'Target 1'
compiling Davis_Haney_Lab5.c...
linking...
Program Size: Code=1176 RO-data=32 RW-data=8 ZI-data=1256  
FromELF: creating hex file...
"GD_SH_Lab5.axf" - 0 Error(s), 0 Warning(s).
Build target 'Target 1'
compiling Davis_Haney_Lab5.c...
linking...
Program Size: Code=1176 RO-data=32 RW-data=8 ZI-data=1256  
FromELF: creating hex file...
"GD_SH_Lab5.axf" - 0 Error(s), 0 Warning(s).
Build target 'Target 1'
compiling Davis_Haney_Lab5.c...
linking...
Program Size: Code=1176 RO-data=32 RW-data=8 ZI-data=1256  
FromELF: creating hex file...
"GD_SH_Lab5.axf" - 0 Error(s), 0 Warning(s).
Build target 'Target 1'
compiling Davis_Haney_Lab5.c...
linking...
Program Size: Code=1176 RO-data=32 RW-data=8 ZI-data=1256  
FromELF: creating hex file...
"GD_SH_Lab5.axf" - 0 Error(s), 0 Warning(s).
Build target 'Target 1'
linking...
Program Size: Code=1176 RO-data=32 RW-data=8 ZI-data=1256  
FromELF: creating hex file...
"GD_SH_Lab5.axf" - 0 Error(s), 0 Warning(s).
