<html>
<body>
<pre>
<h1>µVision Build Log</h1>
<h2>Project:</h2>
C:\Users\davis\Documents\School\Micro_Labs\Lab3\GD_SH_Lab3.uvproj
Project File Date:  11/02/2021

<h2>Output:</h2>
Build target 'Target 1'
assembling Startup.s...
compiling Davis_Haney_Lab3.c...
linking...
Program Size: Code=960 RO-data=16 RW-data=0 ZI-data=1256  
FromELF: creating hex file...
"GD_SH_Lab3.axf" - 0 Error(s), 0 Warning(s).
Build target 'Target 1'
compiling Davis_Haney_Lab3.c...
linking...
Program Size: Code=1000 RO-data=16 RW-data=0 ZI-data=1256  
FromELF: creating hex file...
"GD_SH_Lab3.axf" - 0 Error(s), 0 Warning(s).
Build target 'Target 1'
compiling Davis_Haney_Lab3.c...
linking...
Program Size: Code=1000 RO-data=16 RW-data=0 ZI-data=1256  
FromELF: creating hex file...
"GD_SH_Lab3.axf" - 0 Error(s), 0 Warning(s).
Build target 'Target 1'
linking...
Program Size: Code=1000 RO-data=16 RW-data=0 ZI-data=1256  
FromELF: creating hex file...
"GD_SH_Lab3.axf" - 0 Error(s), 0 Warning(s).
Build target 'Target 1'
compiling Davis_Haney_Lab3.c...
linking...
Program Size: Code=1008 RO-data=16 RW-data=0 ZI-data=1256  
FromELF: creating hex file...
"GD_SH_Lab3.axf" - 0 Error(s), 0 Warning(s).
Build target 'Target 1'
compiling Davis_Haney_Lab3.c...
linking...
Program Size: Code=996 RO-data=16 RW-data=0 ZI-data=1256  
FromELF: creating hex file...
"GD_SH_Lab3.axf" - 0 Error(s), 0 Warning(s).
Build target 'Target 1'
compiling Davis_Haney_Lab3.c...
linking...
Program Size: Code=992 RO-data=16 RW-data=0 ZI-data=1256  
FromELF: creating hex file...
"GD_SH_Lab3.axf" - 0 Error(s), 0 Warning(s).
Build target 'Target 1'
compiling Davis_Haney_Lab3.c...
linking...
Program Size: Code=992 RO-data=16 RW-data=0 ZI-data=1256  
FromELF: creating hex file...
"GD_SH_Lab3.axf" - 0 Error(s), 0 Warning(s).
Build target 'Target 1'
compiling Davis_Haney_Lab3.c...
linking...
Program Size: Code=992 RO-data=16 RW-data=0 ZI-data=1256  
FromELF: creating hex file...
"GD_SH_Lab3.axf" - 0 Error(s), 0 Warning(s).
Build target 'Target 1'
compiling Davis_Haney_Lab3.c...
linking...
Program Size: Code=992 RO-data=16 RW-data=0 ZI-data=1256  
FromELF: creating hex file...
"GD_SH_Lab3.axf" - 0 Error(s), 0 Warning(s).
Build target 'Target 1'
compiling Davis_Haney_Lab3.c...
linking...
Program Size: Code=992 RO-data=16 RW-data=0 ZI-data=1256  
FromELF: creating hex file...
"GD_SH_Lab3.axf" - 0 Error(s), 0 Warning(s).
