<html>
<body>
<pre>
<h1>µVision Build Log</h1>
<h2>Project:</h2>
C:\Users\davis\Documents\School\Micro_Labs\Lab6\GD_SH_Lab6.uvproj
Project File Date:  11/30/2021

<h2>Output:</h2>
Build target 'Target 1'
assembling Startup.s...
compiling Davis_Haney_Lab6.c...
linking...
Program Size: Code=1540 RO-data=32 RW-data=64 ZI-data=1256  
FromELF: creating hex file...
"GD_SH_Lab6.axf" - 0 Error(s), 0 Warning(s).
Build target 'Target 1'
compiling Davis_Haney_Lab6.c...
linking...
Program Size: Code=1544 RO-data=32 RW-data=64 ZI-data=1256  
FromELF: creating hex file...
"GD_SH_Lab6.axf" - 0 Error(s), 0 Warning(s).
Build target 'Target 1'
compiling Davis_Haney_Lab6.c...
linking...
Program Size: Code=1556 RO-data=32 RW-data=64 ZI-data=1256  
FromELF: creating hex file...
"GD_SH_Lab6.axf" - 0 Error(s), 0 Warning(s).
Build target 'Target 1'
compiling Davis_Haney_Lab6.c...
linking...
Program Size: Code=1556 RO-data=32 RW-data=64 ZI-data=1256  
FromELF: creating hex file...
"GD_SH_Lab6.axf" - 0 Error(s), 0 Warning(s).
Build target 'Target 1'
compiling Davis_Haney_Lab6.c...
linking...
Program Size: Code=1568 RO-data=32 RW-data=64 ZI-data=1256  
FromELF: creating hex file...
"GD_SH_Lab6.axf" - 0 Error(s), 0 Warning(s).
Build target 'Target 1'
compiling Davis_Haney_Lab6.c...
linking...
Program Size: Code=1568 RO-data=32 RW-data=64 ZI-data=1256  
FromELF: creating hex file...
"GD_SH_Lab6.axf" - 0 Error(s), 0 Warning(s).
Build target 'Target 1'
compiling Davis_Haney_Lab6.c...
linking...
Program Size: Code=1568 RO-data=32 RW-data=64 ZI-data=1256  
FromELF: creating hex file...
"GD_SH_Lab6.axf" - 0 Error(s), 0 Warning(s).
Rebuild target 'Target 1'
assembling Startup.s...
compiling Davis_Haney_Lab6.c...
linking...
Program Size: Code=1568 RO-data=32 RW-data=64 ZI-data=1256  
FromELF: creating hex file...
"GD_SH_Lab6.axf" - 0 Error(s), 0 Warning(s).
Build target 'Target 1'
linking...
Program Size: Code=1568 RO-data=32 RW-data=64 ZI-data=1256  
FromELF: creating hex file...
"GD_SH_Lab6.axf" - 0 Error(s), 0 Warning(s).
Build target 'Target 1'
compiling Davis_Haney_Lab6.c...
linking...
Program Size: Code=1568 RO-data=32 RW-data=64 ZI-data=1256  
FromELF: creating hex file...
"GD_SH_Lab6.axf" - 0 Error(s), 0 Warning(s).
Build target 'Target 1'
compiling Davis_Haney_Lab6.c...
linking...
Program Size: Code=1568 RO-data=32 RW-data=64 ZI-data=1256  
FromELF: creating hex file...
"GD_SH_Lab6.axf" - 0 Error(s), 0 Warning(s).
Build target 'Target 1'
compiling Davis_Haney_Lab6.c...
linking...
Program Size: Code=1568 RO-data=32 RW-data=64 ZI-data=1256  
FromELF: creating hex file...
"GD_SH_Lab6.axf" - 0 Error(s), 0 Warning(s).
Build target 'Target 1'
compiling Davis_Haney_Lab6.c...
linking...
Program Size: Code=1568 RO-data=32 RW-data=64 ZI-data=1256  
FromELF: creating hex file...
"GD_SH_Lab6.axf" - 0 Error(s), 0 Warning(s).
Build target 'Target 1'
compiling Davis_Haney_Lab6.c...
linking...
Program Size: Code=1568 RO-data=32 RW-data=64 ZI-data=1256  
FromELF: creating hex file...
"GD_SH_Lab6.axf" - 0 Error(s), 0 Warning(s).
Build target 'Target 1'
compiling Davis_Haney_Lab6.c...
linking...
Program Size: Code=1568 RO-data=32 RW-data=64 ZI-data=1256  
FromELF: creating hex file...
"GD_SH_Lab6.axf" - 0 Error(s), 0 Warning(s).
